// Jest Snapshot v1, https://goo.gl/fbAQLP

exports[`ExampleContainer should match snapshot 1`] = `
<div
  data-id="ExampleView"
  onSomething={[Function]}
/>
`;
